// Jest Snapshot v1, https://goo.gl/fbAQLP

exports[`<About /> should render itself 1`] = `
ShallowWrapper {
  "length": 1,
  Symbol(enzyme.__root__): [Circular],
  Symbol(enzyme.__unrendered__): <About
    dispatch={[Function]}
    language={
        Object {
            "current": "eng",
          }
    }
    location={Object {}}
    user={
        Object {
            "completed": true,
            "data": Object {
              "bio": "test bio",
              "firstname": "test firstname",
              "job": "test job",
              "lastname": "test lastname",
            },
            "error": false,
            "message": "Just a fake message",
          }
    }
/>,
  Symbol(enzyme.__renderer__): Object {
    "batchedUpdates": [Function],
    "getNode": [Function],
    "render": [Function],
    "simulateEvent": [Function],
    "unmount": [Function],
  },
  Symbol(enzyme.__node__): Object {
    "instance": null,
    "key": undefined,
    "nodeType": "host",
    "props": Object {
      "children": Array [
        <HelmetWrapper
          defer={true}
          encodeSpecialCharacters={true}
          meta={
                    Array [
                              Object {
                                "content": "test bio",
                                "name": "description",
                              },
                              Object {
                                "content": "test firstname test lastname - test job",
                                "property": "og:title",
                              },
                            ]
          }
          title="ABOUT ME"
/>,
        <M
          duration={2000}
          error={false}
          icon="thumbs-up"
          message=""
          next={false}
/>,
        <ButtonBack
          label="Back"
          route="/"
/>,
        <article
          className="app-content-section"
>
          <figure
                    className="app-content-avatar"
          >
                    <img
                              alt="A pic of: test firstname"
                              className="roundedImg"
                              src="about.jpg"
                    />
          </figure>
          <h1
                    className="tit-section-view"
          >
                    test firstname
                     
                    test lastname
          </h1>
          <h2
                    className="subtit-section-view"
          >
                    test job
          </h2>
          <p
                    className="txt txt-center"
          >
                    test bio
          </p>
          <a
                    className="btn btn-centered mt10"
                    download="resume.pdf"
                    href="XavierVilaAlbiol_CV_en.pdf"
                    onClick={[Function]}
          >
                    <span
                              className="icon-cloud-download mr5"
                    />
                    Download Résumé
          </a>
</article>,
      ],
      "className": "app-view app-view-centered",
    },
    "ref": null,
    "rendered": Array [
      Object {
        "instance": null,
        "key": undefined,
        "nodeType": "class",
        "props": Object {
          "defer": true,
          "encodeSpecialCharacters": true,
          "meta": Array [
            Object {
              "content": "test bio",
              "name": "description",
            },
            Object {
              "content": "test firstname test lastname - test job",
              "property": "og:title",
            },
          ],
          "title": "ABOUT ME",
        },
        "ref": null,
        "rendered": null,
        "type": [Function],
      },
      Object {
        "instance": null,
        "key": undefined,
        "nodeType": "class",
        "props": Object {
          "duration": 2000,
          "error": false,
          "icon": "thumbs-up",
          "message": "",
          "next": false,
        },
        "ref": null,
        "rendered": null,
        "type": [Function],
      },
      Object {
        "instance": null,
        "key": undefined,
        "nodeType": "function",
        "props": Object {
          "label": "Back",
          "route": "/",
        },
        "ref": null,
        "rendered": null,
        "type": [Function],
      },
      Object {
        "instance": null,
        "key": undefined,
        "nodeType": "host",
        "props": Object {
          "children": Array [
            <figure
              className="app-content-avatar"
>
              <img
                            alt="A pic of: test firstname"
                            className="roundedImg"
                            src="about.jpg"
              />
</figure>,
            <h1
              className="tit-section-view"
>
              test firstname
               
              test lastname
</h1>,
            <h2
              className="subtit-section-view"
>
              test job
</h2>,
            <p
              className="txt txt-center"
>
              test bio
</p>,
            <a
              className="btn btn-centered mt10"
              download="resume.pdf"
              href="XavierVilaAlbiol_CV_en.pdf"
              onClick={[Function]}
>
              <span
                            className="icon-cloud-download mr5"
              />
              Download Résumé
</a>,
          ],
          "className": "app-content-section",
        },
        "ref": null,
        "rendered": Array [
          Object {
            "instance": null,
            "key": undefined,
            "nodeType": "host",
            "props": Object {
              "children": <img
                alt="A pic of: test firstname"
                className="roundedImg"
                src="about.jpg"
/>,
              "className": "app-content-avatar",
            },
            "ref": null,
            "rendered": Object {
              "instance": null,
              "key": undefined,
              "nodeType": "host",
              "props": Object {
                "alt": "A pic of: test firstname",
                "className": "roundedImg",
                "src": "about.jpg",
              },
              "ref": null,
              "rendered": null,
              "type": "img",
            },
            "type": "figure",
          },
          Object {
            "instance": null,
            "key": undefined,
            "nodeType": "host",
            "props": Object {
              "children": Array [
                "test firstname",
                " ",
                "test lastname",
              ],
              "className": "tit-section-view",
            },
            "ref": null,
            "rendered": Array [
              "test firstname",
              " ",
              "test lastname",
            ],
            "type": "h1",
          },
          Object {
            "instance": null,
            "key": undefined,
            "nodeType": "host",
            "props": Object {
              "children": "test job",
              "className": "subtit-section-view",
            },
            "ref": null,
            "rendered": "test job",
            "type": "h2",
          },
          Object {
            "instance": null,
            "key": undefined,
            "nodeType": "host",
            "props": Object {
              "children": "test bio",
              "className": "txt txt-center",
            },
            "ref": null,
            "rendered": "test bio",
            "type": "p",
          },
          Object {
            "instance": null,
            "key": undefined,
            "nodeType": "host",
            "props": Object {
              "children": Array [
                <span
                  className="icon-cloud-download mr5"
/>,
                false,
                "Download Résumé",
              ],
              "className": "btn btn-centered mt10",
              "download": "resume.pdf",
              "href": "XavierVilaAlbiol_CV_en.pdf",
              "onClick": [Function],
            },
            "ref": null,
            "rendered": Array [
              Object {
                "instance": null,
                "key": undefined,
                "nodeType": "host",
                "props": Object {
                  "className": "icon-cloud-download mr5",
                },
                "ref": null,
                "rendered": null,
                "type": "span",
              },
              false,
              "Download Résumé",
            ],
            "type": "a",
          },
        ],
        "type": "article",
      },
    ],
    "type": "section",
  },
  Symbol(enzyme.__nodes__): Array [
    Object {
      "instance": null,
      "key": undefined,
      "nodeType": "host",
      "props": Object {
        "children": Array [
          <HelmetWrapper
            defer={true}
            encodeSpecialCharacters={true}
            meta={
                        Array [
                                    Object {
                                      "content": "test bio",
                                      "name": "description",
                                    },
                                    Object {
                                      "content": "test firstname test lastname - test job",
                                      "property": "og:title",
                                    },
                                  ]
            }
            title="ABOUT ME"
/>,
          <M
            duration={2000}
            error={false}
            icon="thumbs-up"
            message=""
            next={false}
/>,
          <ButtonBack
            label="Back"
            route="/"
/>,
          <article
            className="app-content-section"
>
            <figure
                        className="app-content-avatar"
            >
                        <img
                                    alt="A pic of: test firstname"
                                    className="roundedImg"
                                    src="about.jpg"
                        />
            </figure>
            <h1
                        className="tit-section-view"
            >
                        test firstname
                         
                        test lastname
            </h1>
            <h2
                        className="subtit-section-view"
            >
                        test job
            </h2>
            <p
                        className="txt txt-center"
            >
                        test bio
            </p>
            <a
                        className="btn btn-centered mt10"
                        download="resume.pdf"
                        href="XavierVilaAlbiol_CV_en.pdf"
                        onClick={[Function]}
            >
                        <span
                                    className="icon-cloud-download mr5"
                        />
                        Download Résumé
            </a>
</article>,
        ],
        "className": "app-view app-view-centered",
      },
      "ref": null,
      "rendered": Array [
        Object {
          "instance": null,
          "key": undefined,
          "nodeType": "class",
          "props": Object {
            "defer": true,
            "encodeSpecialCharacters": true,
            "meta": Array [
              Object {
                "content": "test bio",
                "name": "description",
              },
              Object {
                "content": "test firstname test lastname - test job",
                "property": "og:title",
              },
            ],
            "title": "ABOUT ME",
          },
          "ref": null,
          "rendered": null,
          "type": [Function],
        },
        Object {
          "instance": null,
          "key": undefined,
          "nodeType": "class",
          "props": Object {
            "duration": 2000,
            "error": false,
            "icon": "thumbs-up",
            "message": "",
            "next": false,
          },
          "ref": null,
          "rendered": null,
          "type": [Function],
        },
        Object {
          "instance": null,
          "key": undefined,
          "nodeType": "function",
          "props": Object {
            "label": "Back",
            "route": "/",
          },
          "ref": null,
          "rendered": null,
          "type": [Function],
        },
        Object {
          "instance": null,
          "key": undefined,
          "nodeType": "host",
          "props": Object {
            "children": Array [
              <figure
                className="app-content-avatar"
>
                <img
                                alt="A pic of: test firstname"
                                className="roundedImg"
                                src="about.jpg"
                />
</figure>,
              <h1
                className="tit-section-view"
>
                test firstname
                 
                test lastname
</h1>,
              <h2
                className="subtit-section-view"
>
                test job
</h2>,
              <p
                className="txt txt-center"
>
                test bio
</p>,
              <a
                className="btn btn-centered mt10"
                download="resume.pdf"
                href="XavierVilaAlbiol_CV_en.pdf"
                onClick={[Function]}
>
                <span
                                className="icon-cloud-download mr5"
                />
                Download Résumé
</a>,
            ],
            "className": "app-content-section",
          },
          "ref": null,
          "rendered": Array [
            Object {
              "instance": null,
              "key": undefined,
              "nodeType": "host",
              "props": Object {
                "children": <img
                  alt="A pic of: test firstname"
                  className="roundedImg"
                  src="about.jpg"
/>,
                "className": "app-content-avatar",
              },
              "ref": null,
              "rendered": Object {
                "instance": null,
                "key": undefined,
                "nodeType": "host",
                "props": Object {
                  "alt": "A pic of: test firstname",
                  "className": "roundedImg",
                  "src": "about.jpg",
                },
                "ref": null,
                "rendered": null,
                "type": "img",
              },
              "type": "figure",
            },
            Object {
              "instance": null,
              "key": undefined,
              "nodeType": "host",
              "props": Object {
                "children": Array [
                  "test firstname",
                  " ",
                  "test lastname",
                ],
                "className": "tit-section-view",
              },
              "ref": null,
              "rendered": Array [
                "test firstname",
                " ",
                "test lastname",
              ],
              "type": "h1",
            },
            Object {
              "instance": null,
              "key": undefined,
              "nodeType": "host",
              "props": Object {
                "children": "test job",
                "className": "subtit-section-view",
              },
              "ref": null,
              "rendered": "test job",
              "type": "h2",
            },
            Object {
              "instance": null,
              "key": undefined,
              "nodeType": "host",
              "props": Object {
                "children": "test bio",
                "className": "txt txt-center",
              },
              "ref": null,
              "rendered": "test bio",
              "type": "p",
            },
            Object {
              "instance": null,
              "key": undefined,
              "nodeType": "host",
              "props": Object {
                "children": Array [
                  <span
                    className="icon-cloud-download mr5"
/>,
                  false,
                  "Download Résumé",
                ],
                "className": "btn btn-centered mt10",
                "download": "resume.pdf",
                "href": "XavierVilaAlbiol_CV_en.pdf",
                "onClick": [Function],
              },
              "ref": null,
              "rendered": Array [
                Object {
                  "instance": null,
                  "key": undefined,
                  "nodeType": "host",
                  "props": Object {
                    "className": "icon-cloud-download mr5",
                  },
                  "ref": null,
                  "rendered": null,
                  "type": "span",
                },
                false,
                "Download Résumé",
              ],
              "type": "a",
            },
          ],
          "type": "article",
        },
      ],
      "type": "section",
    },
  ],
  Symbol(enzyme.__options__): Object {
    "adapter": ReactSixteenAdapter {
      "options": Object {
        "enableComponentDidUpdateOnSetState": true,
      },
    },
  },
}
`;
