// Jest Snapshot v1, https://goo.gl/fbAQLP

exports[`<AdminUserItem /> should render itself 1`] = `
ShallowWrapper {
  "length": 1,
  Symbol(enzyme.__root__): [Circular],
  Symbol(enzyme.__unrendered__): <AdminUserItem
    dispatch={[Function]}
    handleClick={[Function]}
    user={
        Object {
            "completed": true,
            "data": Object {},
            "error": false,
            "message": "fake message",
          }
    }
/>,
  Symbol(enzyme.__renderer__): Object {
    "batchedUpdates": [Function],
    "getNode": [Function],
    "render": [Function],
    "simulateEvent": [Function],
    "unmount": [Function],
  },
  Symbol(enzyme.__node__): Object {
    "instance": null,
    "key": undefined,
    "nodeType": "host",
    "props": Object {
      "children": Array [
        <M
          duration={2000}
          error={false}
          icon="heart"
          message="fake message"
          next={true}
/>,
        <h2
          className="app-grid-header tit-section"
>
          Update User
</h2>,
        <form
          className="app-grid-body"
          noValidate={true}
          onSubmit={[Function]}
>
          <SingleInput
                    content=""
                    controlFunc={[Function]}
                    inputType="text"
                    name="firstname"
                    pattern=".{2,}"
                    placeholder="First name"
                    required={true}
                    size=""
                    title="First name"
                    wrapper="app-grid-item1"
          />
          <SingleInput
                    content=""
                    controlFunc={[Function]}
                    inputType="text"
                    name="lastname"
                    pattern=".{2,}"
                    placeholder="Last name"
                    required={true}
                    size=""
                    title="Last name"
                    wrapper="app-grid-item2"
          />
          <SingleInput
                    content=""
                    controlFunc={[Function]}
                    inputType="text"
                    name="username"
                    pattern=".{2,}"
                    placeholder="Username"
                    required={true}
                    size=""
                    title="Username"
                    wrapper="app-grid-item1"
          />
          <SingleInput
                    content=""
                    controlFunc={[Function]}
                    inputType="text"
                    name="job"
                    pattern=".{2,}"
                    placeholder="Job"
                    required={true}
                    size=""
                    title="Job"
                    wrapper="app-grid-item2"
          />
          <SingleInput
                    content=""
                    controlFunc={[Function]}
                    inputType="text"
                    name="job_cat"
                    pattern=".{2,}"
                    placeholder="Job cat"
                    required={true}
                    size=""
                    title="Job cat"
                    wrapper="app-grid-item2"
          />
          <TextArea
                    content=""
                    controlFunc={[Function]}
                    name="bio"
                    pattern=".{6,}"
                    placeholder=""
                    required={true}
                    resize={false}
                    rows={5}
                    title="Bio"
                    wrapper="app-grid-whole"
          />
          <TextArea
                    content=""
                    controlFunc={[Function]}
                    name="bio_cat"
                    pattern=".{6,}"
                    placeholder=""
                    required={true}
                    resize={false}
                    rows={5}
                    title="Bio cat"
                    wrapper="app-grid-whole"
          />
          <button
                    className="app-grid-btn btn"
                    disabled={false}
                    type="submit"
          >
                    Update Profile
          </button>
</form>,
      ],
      "className": "app-grid",
    },
    "ref": null,
    "rendered": Array [
      Object {
        "instance": null,
        "key": undefined,
        "nodeType": "class",
        "props": Object {
          "duration": 2000,
          "error": false,
          "icon": "heart",
          "message": "fake message",
          "next": true,
        },
        "ref": null,
        "rendered": null,
        "type": [Function],
      },
      Object {
        "instance": null,
        "key": undefined,
        "nodeType": "host",
        "props": Object {
          "children": "Update User",
          "className": "app-grid-header tit-section",
        },
        "ref": null,
        "rendered": "Update User",
        "type": "h2",
      },
      Object {
        "instance": null,
        "key": undefined,
        "nodeType": "host",
        "props": Object {
          "children": Array [
            <SingleInput
              content=""
              controlFunc={[Function]}
              inputType="text"
              name="firstname"
              pattern=".{2,}"
              placeholder="First name"
              required={true}
              size=""
              title="First name"
              wrapper="app-grid-item1"
/>,
            <SingleInput
              content=""
              controlFunc={[Function]}
              inputType="text"
              name="lastname"
              pattern=".{2,}"
              placeholder="Last name"
              required={true}
              size=""
              title="Last name"
              wrapper="app-grid-item2"
/>,
            <SingleInput
              content=""
              controlFunc={[Function]}
              inputType="text"
              name="username"
              pattern=".{2,}"
              placeholder="Username"
              required={true}
              size=""
              title="Username"
              wrapper="app-grid-item1"
/>,
            <SingleInput
              content=""
              controlFunc={[Function]}
              inputType="text"
              name="job"
              pattern=".{2,}"
              placeholder="Job"
              required={true}
              size=""
              title="Job"
              wrapper="app-grid-item2"
/>,
            <SingleInput
              content=""
              controlFunc={[Function]}
              inputType="text"
              name="job_cat"
              pattern=".{2,}"
              placeholder="Job cat"
              required={true}
              size=""
              title="Job cat"
              wrapper="app-grid-item2"
/>,
            <TextArea
              content=""
              controlFunc={[Function]}
              name="bio"
              pattern=".{6,}"
              placeholder=""
              required={true}
              resize={false}
              rows={5}
              title="Bio"
              wrapper="app-grid-whole"
/>,
            <TextArea
              content=""
              controlFunc={[Function]}
              name="bio_cat"
              pattern=".{6,}"
              placeholder=""
              required={true}
              resize={false}
              rows={5}
              title="Bio cat"
              wrapper="app-grid-whole"
/>,
            <button
              className="app-grid-btn btn"
              disabled={false}
              type="submit"
>
              Update Profile
</button>,
          ],
          "className": "app-grid-body",
          "noValidate": true,
          "onSubmit": [Function],
        },
        "ref": null,
        "rendered": Array [
          Object {
            "instance": null,
            "key": undefined,
            "nodeType": "function",
            "props": Object {
              "content": "",
              "controlFunc": [Function],
              "inputType": "text",
              "name": "firstname",
              "pattern": ".{2,}",
              "placeholder": "First name",
              "required": true,
              "size": "",
              "title": "First name",
              "wrapper": "app-grid-item1",
            },
            "ref": null,
            "rendered": null,
            "type": [Function],
          },
          Object {
            "instance": null,
            "key": undefined,
            "nodeType": "function",
            "props": Object {
              "content": "",
              "controlFunc": [Function],
              "inputType": "text",
              "name": "lastname",
              "pattern": ".{2,}",
              "placeholder": "Last name",
              "required": true,
              "size": "",
              "title": "Last name",
              "wrapper": "app-grid-item2",
            },
            "ref": null,
            "rendered": null,
            "type": [Function],
          },
          Object {
            "instance": null,
            "key": undefined,
            "nodeType": "function",
            "props": Object {
              "content": "",
              "controlFunc": [Function],
              "inputType": "text",
              "name": "username",
              "pattern": ".{2,}",
              "placeholder": "Username",
              "required": true,
              "size": "",
              "title": "Username",
              "wrapper": "app-grid-item1",
            },
            "ref": null,
            "rendered": null,
            "type": [Function],
          },
          Object {
            "instance": null,
            "key": undefined,
            "nodeType": "function",
            "props": Object {
              "content": "",
              "controlFunc": [Function],
              "inputType": "text",
              "name": "job",
              "pattern": ".{2,}",
              "placeholder": "Job",
              "required": true,
              "size": "",
              "title": "Job",
              "wrapper": "app-grid-item2",
            },
            "ref": null,
            "rendered": null,
            "type": [Function],
          },
          Object {
            "instance": null,
            "key": undefined,
            "nodeType": "function",
            "props": Object {
              "content": "",
              "controlFunc": [Function],
              "inputType": "text",
              "name": "job_cat",
              "pattern": ".{2,}",
              "placeholder": "Job cat",
              "required": true,
              "size": "",
              "title": "Job cat",
              "wrapper": "app-grid-item2",
            },
            "ref": null,
            "rendered": null,
            "type": [Function],
          },
          Object {
            "instance": null,
            "key": undefined,
            "nodeType": "function",
            "props": Object {
              "content": "",
              "controlFunc": [Function],
              "name": "bio",
              "pattern": ".{6,}",
              "placeholder": "",
              "required": true,
              "resize": false,
              "rows": 5,
              "title": "Bio",
              "wrapper": "app-grid-whole",
            },
            "ref": null,
            "rendered": null,
            "type": [Function],
          },
          Object {
            "instance": null,
            "key": undefined,
            "nodeType": "function",
            "props": Object {
              "content": "",
              "controlFunc": [Function],
              "name": "bio_cat",
              "pattern": ".{6,}",
              "placeholder": "",
              "required": true,
              "resize": false,
              "rows": 5,
              "title": "Bio cat",
              "wrapper": "app-grid-whole",
            },
            "ref": null,
            "rendered": null,
            "type": [Function],
          },
          Object {
            "instance": null,
            "key": undefined,
            "nodeType": "host",
            "props": Object {
              "children": "Update Profile",
              "className": "app-grid-btn btn",
              "disabled": false,
              "type": "submit",
            },
            "ref": null,
            "rendered": "Update Profile",
            "type": "button",
          },
        ],
        "type": "form",
      },
    ],
    "type": "article",
  },
  Symbol(enzyme.__nodes__): Array [
    Object {
      "instance": null,
      "key": undefined,
      "nodeType": "host",
      "props": Object {
        "children": Array [
          <M
            duration={2000}
            error={false}
            icon="heart"
            message="fake message"
            next={true}
/>,
          <h2
            className="app-grid-header tit-section"
>
            Update User
</h2>,
          <form
            className="app-grid-body"
            noValidate={true}
            onSubmit={[Function]}
>
            <SingleInput
                        content=""
                        controlFunc={[Function]}
                        inputType="text"
                        name="firstname"
                        pattern=".{2,}"
                        placeholder="First name"
                        required={true}
                        size=""
                        title="First name"
                        wrapper="app-grid-item1"
            />
            <SingleInput
                        content=""
                        controlFunc={[Function]}
                        inputType="text"
                        name="lastname"
                        pattern=".{2,}"
                        placeholder="Last name"
                        required={true}
                        size=""
                        title="Last name"
                        wrapper="app-grid-item2"
            />
            <SingleInput
                        content=""
                        controlFunc={[Function]}
                        inputType="text"
                        name="username"
                        pattern=".{2,}"
                        placeholder="Username"
                        required={true}
                        size=""
                        title="Username"
                        wrapper="app-grid-item1"
            />
            <SingleInput
                        content=""
                        controlFunc={[Function]}
                        inputType="text"
                        name="job"
                        pattern=".{2,}"
                        placeholder="Job"
                        required={true}
                        size=""
                        title="Job"
                        wrapper="app-grid-item2"
            />
            <SingleInput
                        content=""
                        controlFunc={[Function]}
                        inputType="text"
                        name="job_cat"
                        pattern=".{2,}"
                        placeholder="Job cat"
                        required={true}
                        size=""
                        title="Job cat"
                        wrapper="app-grid-item2"
            />
            <TextArea
                        content=""
                        controlFunc={[Function]}
                        name="bio"
                        pattern=".{6,}"
                        placeholder=""
                        required={true}
                        resize={false}
                        rows={5}
                        title="Bio"
                        wrapper="app-grid-whole"
            />
            <TextArea
                        content=""
                        controlFunc={[Function]}
                        name="bio_cat"
                        pattern=".{6,}"
                        placeholder=""
                        required={true}
                        resize={false}
                        rows={5}
                        title="Bio cat"
                        wrapper="app-grid-whole"
            />
            <button
                        className="app-grid-btn btn"
                        disabled={false}
                        type="submit"
            >
                        Update Profile
            </button>
</form>,
        ],
        "className": "app-grid",
      },
      "ref": null,
      "rendered": Array [
        Object {
          "instance": null,
          "key": undefined,
          "nodeType": "class",
          "props": Object {
            "duration": 2000,
            "error": false,
            "icon": "heart",
            "message": "fake message",
            "next": true,
          },
          "ref": null,
          "rendered": null,
          "type": [Function],
        },
        Object {
          "instance": null,
          "key": undefined,
          "nodeType": "host",
          "props": Object {
            "children": "Update User",
            "className": "app-grid-header tit-section",
          },
          "ref": null,
          "rendered": "Update User",
          "type": "h2",
        },
        Object {
          "instance": null,
          "key": undefined,
          "nodeType": "host",
          "props": Object {
            "children": Array [
              <SingleInput
                content=""
                controlFunc={[Function]}
                inputType="text"
                name="firstname"
                pattern=".{2,}"
                placeholder="First name"
                required={true}
                size=""
                title="First name"
                wrapper="app-grid-item1"
/>,
              <SingleInput
                content=""
                controlFunc={[Function]}
                inputType="text"
                name="lastname"
                pattern=".{2,}"
                placeholder="Last name"
                required={true}
                size=""
                title="Last name"
                wrapper="app-grid-item2"
/>,
              <SingleInput
                content=""
                controlFunc={[Function]}
                inputType="text"
                name="username"
                pattern=".{2,}"
                placeholder="Username"
                required={true}
                size=""
                title="Username"
                wrapper="app-grid-item1"
/>,
              <SingleInput
                content=""
                controlFunc={[Function]}
                inputType="text"
                name="job"
                pattern=".{2,}"
                placeholder="Job"
                required={true}
                size=""
                title="Job"
                wrapper="app-grid-item2"
/>,
              <SingleInput
                content=""
                controlFunc={[Function]}
                inputType="text"
                name="job_cat"
                pattern=".{2,}"
                placeholder="Job cat"
                required={true}
                size=""
                title="Job cat"
                wrapper="app-grid-item2"
/>,
              <TextArea
                content=""
                controlFunc={[Function]}
                name="bio"
                pattern=".{6,}"
                placeholder=""
                required={true}
                resize={false}
                rows={5}
                title="Bio"
                wrapper="app-grid-whole"
/>,
              <TextArea
                content=""
                controlFunc={[Function]}
                name="bio_cat"
                pattern=".{6,}"
                placeholder=""
                required={true}
                resize={false}
                rows={5}
                title="Bio cat"
                wrapper="app-grid-whole"
/>,
              <button
                className="app-grid-btn btn"
                disabled={false}
                type="submit"
>
                Update Profile
</button>,
            ],
            "className": "app-grid-body",
            "noValidate": true,
            "onSubmit": [Function],
          },
          "ref": null,
          "rendered": Array [
            Object {
              "instance": null,
              "key": undefined,
              "nodeType": "function",
              "props": Object {
                "content": "",
                "controlFunc": [Function],
                "inputType": "text",
                "name": "firstname",
                "pattern": ".{2,}",
                "placeholder": "First name",
                "required": true,
                "size": "",
                "title": "First name",
                "wrapper": "app-grid-item1",
              },
              "ref": null,
              "rendered": null,
              "type": [Function],
            },
            Object {
              "instance": null,
              "key": undefined,
              "nodeType": "function",
              "props": Object {
                "content": "",
                "controlFunc": [Function],
                "inputType": "text",
                "name": "lastname",
                "pattern": ".{2,}",
                "placeholder": "Last name",
                "required": true,
                "size": "",
                "title": "Last name",
                "wrapper": "app-grid-item2",
              },
              "ref": null,
              "rendered": null,
              "type": [Function],
            },
            Object {
              "instance": null,
              "key": undefined,
              "nodeType": "function",
              "props": Object {
                "content": "",
                "controlFunc": [Function],
                "inputType": "text",
                "name": "username",
                "pattern": ".{2,}",
                "placeholder": "Username",
                "required": true,
                "size": "",
                "title": "Username",
                "wrapper": "app-grid-item1",
              },
              "ref": null,
              "rendered": null,
              "type": [Function],
            },
            Object {
              "instance": null,
              "key": undefined,
              "nodeType": "function",
              "props": Object {
                "content": "",
                "controlFunc": [Function],
                "inputType": "text",
                "name": "job",
                "pattern": ".{2,}",
                "placeholder": "Job",
                "required": true,
                "size": "",
                "title": "Job",
                "wrapper": "app-grid-item2",
              },
              "ref": null,
              "rendered": null,
              "type": [Function],
            },
            Object {
              "instance": null,
              "key": undefined,
              "nodeType": "function",
              "props": Object {
                "content": "",
                "controlFunc": [Function],
                "inputType": "text",
                "name": "job_cat",
                "pattern": ".{2,}",
                "placeholder": "Job cat",
                "required": true,
                "size": "",
                "title": "Job cat",
                "wrapper": "app-grid-item2",
              },
              "ref": null,
              "rendered": null,
              "type": [Function],
            },
            Object {
              "instance": null,
              "key": undefined,
              "nodeType": "function",
              "props": Object {
                "content": "",
                "controlFunc": [Function],
                "name": "bio",
                "pattern": ".{6,}",
                "placeholder": "",
                "required": true,
                "resize": false,
                "rows": 5,
                "title": "Bio",
                "wrapper": "app-grid-whole",
              },
              "ref": null,
              "rendered": null,
              "type": [Function],
            },
            Object {
              "instance": null,
              "key": undefined,
              "nodeType": "function",
              "props": Object {
                "content": "",
                "controlFunc": [Function],
                "name": "bio_cat",
                "pattern": ".{6,}",
                "placeholder": "",
                "required": true,
                "resize": false,
                "rows": 5,
                "title": "Bio cat",
                "wrapper": "app-grid-whole",
              },
              "ref": null,
              "rendered": null,
              "type": [Function],
            },
            Object {
              "instance": null,
              "key": undefined,
              "nodeType": "host",
              "props": Object {
                "children": "Update Profile",
                "className": "app-grid-btn btn",
                "disabled": false,
                "type": "submit",
              },
              "ref": null,
              "rendered": "Update Profile",
              "type": "button",
            },
          ],
          "type": "form",
        },
      ],
      "type": "article",
    },
  ],
  Symbol(enzyme.__options__): Object {
    "adapter": ReactSixteenAdapter {
      "options": Object {
        "enableComponentDidUpdateOnSetState": true,
      },
    },
  },
}
`;
