// Jest Snapshot v1, https://goo.gl/fbAQLP

exports[`<Header /> should render itself 1`] = `
ShallowWrapper {
  "length": 1,
  Symbol(enzyme.__root__): [Circular],
  Symbol(enzyme.__unrendered__): <Header
    authenticate={
        Object {
            "completed": true,
            "data": "token",
            "error": false,
            "message": "fake message",
          }
    }
    dispatch={[Function]}
    language={
        Object {
            "current": "eng",
          }
    }
    scroll={true}
/>,
  Symbol(enzyme.__renderer__): Object {
    "batchedUpdates": [Function],
    "getNode": [Function],
    "render": [Function],
    "simulateEvent": [Function],
    "unmount": [Function],
  },
  Symbol(enzyme.__node__): Object {
    "instance": null,
    "key": undefined,
    "nodeType": "host",
    "props": Object {
      "children": Array [
        <div
          className="app-header-bg-opaque"
/>,
        <h2
          className="app-header-title"
>
          <Link
                    replace={false}
                    to="/"
          >
                    Xavier Vilà
                    <br />
                    <span>
                              Front-end developer
                    </span>
          </Link>
</h2>,
        <nav
          className="app-header-nav"
>
          <Link
                    className="app-header-nav-item icon-user"
                    replace={false}
                    to="/admin"
          />
          <Connect(SignOut) />
</nav>,
        false,
      ],
      "className": "app-header",
    },
    "ref": null,
    "rendered": Array [
      Object {
        "instance": null,
        "key": undefined,
        "nodeType": "host",
        "props": Object {
          "className": "app-header-bg-opaque",
        },
        "ref": null,
        "rendered": null,
        "type": "div",
      },
      Object {
        "instance": null,
        "key": undefined,
        "nodeType": "host",
        "props": Object {
          "children": <Link
            replace={false}
            to="/"
>
            Xavier Vilà
            <br />
            <span>
                        Front-end developer
            </span>
</Link>,
          "className": "app-header-title",
        },
        "ref": null,
        "rendered": Object {
          "instance": null,
          "key": undefined,
          "nodeType": "class",
          "props": Object {
            "children": Array [
              "Xavier Vilà",
              <br />,
              <span>
                Front-end developer
</span>,
            ],
            "replace": false,
            "to": "/",
          },
          "ref": null,
          "rendered": Array [
            "Xavier Vilà",
            Object {
              "instance": null,
              "key": undefined,
              "nodeType": "host",
              "props": Object {},
              "ref": null,
              "rendered": null,
              "type": "br",
            },
            Object {
              "instance": null,
              "key": undefined,
              "nodeType": "host",
              "props": Object {
                "children": "Front-end developer",
              },
              "ref": null,
              "rendered": "Front-end developer",
              "type": "span",
            },
          ],
          "type": [Function],
        },
        "type": "h2",
      },
      Object {
        "instance": null,
        "key": undefined,
        "nodeType": "host",
        "props": Object {
          "children": Array [
            <Link
              className="app-header-nav-item icon-user"
              replace={false}
              to="/admin"
/>,
            <Connect(SignOut) />,
          ],
          "className": "app-header-nav",
        },
        "ref": null,
        "rendered": Array [
          Object {
            "instance": null,
            "key": undefined,
            "nodeType": "class",
            "props": Object {
              "className": "app-header-nav-item icon-user",
              "replace": false,
              "to": "/admin",
            },
            "ref": null,
            "rendered": null,
            "type": [Function],
          },
          Object {
            "instance": null,
            "key": undefined,
            "nodeType": "class",
            "props": Object {},
            "ref": null,
            "rendered": null,
            "type": [Function],
          },
        ],
        "type": "nav",
      },
      false,
    ],
    "type": "header",
  },
  Symbol(enzyme.__nodes__): Array [
    Object {
      "instance": null,
      "key": undefined,
      "nodeType": "host",
      "props": Object {
        "children": Array [
          <div
            className="app-header-bg-opaque"
/>,
          <h2
            className="app-header-title"
>
            <Link
                        replace={false}
                        to="/"
            >
                        Xavier Vilà
                        <br />
                        <span>
                                    Front-end developer
                        </span>
            </Link>
</h2>,
          <nav
            className="app-header-nav"
>
            <Link
                        className="app-header-nav-item icon-user"
                        replace={false}
                        to="/admin"
            />
            <Connect(SignOut) />
</nav>,
          false,
        ],
        "className": "app-header",
      },
      "ref": null,
      "rendered": Array [
        Object {
          "instance": null,
          "key": undefined,
          "nodeType": "host",
          "props": Object {
            "className": "app-header-bg-opaque",
          },
          "ref": null,
          "rendered": null,
          "type": "div",
        },
        Object {
          "instance": null,
          "key": undefined,
          "nodeType": "host",
          "props": Object {
            "children": <Link
              replace={false}
              to="/"
>
              Xavier Vilà
              <br />
              <span>
                            Front-end developer
              </span>
</Link>,
            "className": "app-header-title",
          },
          "ref": null,
          "rendered": Object {
            "instance": null,
            "key": undefined,
            "nodeType": "class",
            "props": Object {
              "children": Array [
                "Xavier Vilà",
                <br />,
                <span>
                  Front-end developer
</span>,
              ],
              "replace": false,
              "to": "/",
            },
            "ref": null,
            "rendered": Array [
              "Xavier Vilà",
              Object {
                "instance": null,
                "key": undefined,
                "nodeType": "host",
                "props": Object {},
                "ref": null,
                "rendered": null,
                "type": "br",
              },
              Object {
                "instance": null,
                "key": undefined,
                "nodeType": "host",
                "props": Object {
                  "children": "Front-end developer",
                },
                "ref": null,
                "rendered": "Front-end developer",
                "type": "span",
              },
            ],
            "type": [Function],
          },
          "type": "h2",
        },
        Object {
          "instance": null,
          "key": undefined,
          "nodeType": "host",
          "props": Object {
            "children": Array [
              <Link
                className="app-header-nav-item icon-user"
                replace={false}
                to="/admin"
/>,
              <Connect(SignOut) />,
            ],
            "className": "app-header-nav",
          },
          "ref": null,
          "rendered": Array [
            Object {
              "instance": null,
              "key": undefined,
              "nodeType": "class",
              "props": Object {
                "className": "app-header-nav-item icon-user",
                "replace": false,
                "to": "/admin",
              },
              "ref": null,
              "rendered": null,
              "type": [Function],
            },
            Object {
              "instance": null,
              "key": undefined,
              "nodeType": "class",
              "props": Object {},
              "ref": null,
              "rendered": null,
              "type": [Function],
            },
          ],
          "type": "nav",
        },
        false,
      ],
      "type": "header",
    },
  ],
  Symbol(enzyme.__options__): Object {
    "adapter": ReactSixteenAdapter {
      "options": Object {
        "enableComponentDidUpdateOnSetState": true,
      },
    },
  },
}
`;
