// Jest Snapshot v1, https://goo.gl/fbAQLP

exports[`<Search /> should render itself 1`] = `
ShallowWrapper {
  "length": 1,
  Symbol(enzyme.__root__): [Circular],
  Symbol(enzyme.__unrendered__): <Search
    handleResetClick={[Function]}
    handleTagClick={[Function]}
    scroll={false}
    tags={
        Array [
            "test",
          ]
    }
/>,
  Symbol(enzyme.__renderer__): Object {
    "batchedUpdates": [Function],
    "getNode": [Function],
    "render": [Function],
    "simulateEvent": [Function],
    "unmount": [Function],
  },
  Symbol(enzyme.__node__): Object {
    "instance": null,
    "key": undefined,
    "nodeType": "host",
    "props": Object {
      "children": Array [
        <button
          className="app-search-bg"
/>,
        <div
          className="app-search-content"
>
          <button
                    className="app-search-loupe txt icon-spinner11"
                    onClick={[Function]}
          />
          <Tag
                    handleClick={[Function]}
                    label="test"
                    reset={false}
          />
</div>,
      ],
      "className": "app-search",
    },
    "ref": null,
    "rendered": Array [
      Object {
        "instance": null,
        "key": undefined,
        "nodeType": "host",
        "props": Object {
          "className": "app-search-bg",
        },
        "ref": null,
        "rendered": null,
        "type": "button",
      },
      Object {
        "instance": null,
        "key": undefined,
        "nodeType": "host",
        "props": Object {
          "children": Array [
            <button
              className="app-search-loupe txt icon-spinner11"
              onClick={[Function]}
/>,
            Array [
              <Tag
                handleClick={[Function]}
                label="test"
                reset={false}
/>,
            ],
          ],
          "className": "app-search-content",
        },
        "ref": null,
        "rendered": Array [
          Object {
            "instance": null,
            "key": undefined,
            "nodeType": "host",
            "props": Object {
              "className": "app-search-loupe txt icon-spinner11",
              "onClick": [Function],
            },
            "ref": null,
            "rendered": null,
            "type": "button",
          },
          Object {
            "instance": null,
            "key": "test",
            "nodeType": "class",
            "props": Object {
              "handleClick": [Function],
              "label": "test",
              "reset": false,
            },
            "ref": null,
            "rendered": null,
            "type": [Function],
          },
        ],
        "type": "div",
      },
    ],
    "type": "div",
  },
  Symbol(enzyme.__nodes__): Array [
    Object {
      "instance": null,
      "key": undefined,
      "nodeType": "host",
      "props": Object {
        "children": Array [
          <button
            className="app-search-bg"
/>,
          <div
            className="app-search-content"
>
            <button
                        className="app-search-loupe txt icon-spinner11"
                        onClick={[Function]}
            />
            <Tag
                        handleClick={[Function]}
                        label="test"
                        reset={false}
            />
</div>,
        ],
        "className": "app-search",
      },
      "ref": null,
      "rendered": Array [
        Object {
          "instance": null,
          "key": undefined,
          "nodeType": "host",
          "props": Object {
            "className": "app-search-bg",
          },
          "ref": null,
          "rendered": null,
          "type": "button",
        },
        Object {
          "instance": null,
          "key": undefined,
          "nodeType": "host",
          "props": Object {
            "children": Array [
              <button
                className="app-search-loupe txt icon-spinner11"
                onClick={[Function]}
/>,
              Array [
                <Tag
                  handleClick={[Function]}
                  label="test"
                  reset={false}
/>,
              ],
            ],
            "className": "app-search-content",
          },
          "ref": null,
          "rendered": Array [
            Object {
              "instance": null,
              "key": undefined,
              "nodeType": "host",
              "props": Object {
                "className": "app-search-loupe txt icon-spinner11",
                "onClick": [Function],
              },
              "ref": null,
              "rendered": null,
              "type": "button",
            },
            Object {
              "instance": null,
              "key": "test",
              "nodeType": "class",
              "props": Object {
                "handleClick": [Function],
                "label": "test",
                "reset": false,
              },
              "ref": null,
              "rendered": null,
              "type": [Function],
            },
          ],
          "type": "div",
        },
      ],
      "type": "div",
    },
  ],
  Symbol(enzyme.__options__): Object {
    "adapter": ReactSixteenAdapter {
      "options": Object {
        "enableComponentDidUpdateOnSetState": true,
      },
    },
  },
}
`;
