// Jest Snapshot v1, https://goo.gl/fbAQLP

exports[`<Textarea /> should render itself 1`] = `
ShallowWrapper {
  "length": 1,
  Symbol(enzyme.__root__): [Circular],
  Symbol(enzyme.__unrendered__): <TextArea
    content=""
    controlFunc={[Function]}
    name="test_title"
    placeholder=""
    required={true}
    resize={false}
    rows={5}
    title="Test title"
    wrapper="app-form-group"
/>,
  Symbol(enzyme.__renderer__): Object {
    "batchedUpdates": [Function],
    "getNode": [Function],
    "render": [Function],
    "simulateEvent": [Function],
    "unmount": [Function],
  },
  Symbol(enzyme.__node__): Object {
    "instance": null,
    "key": undefined,
    "nodeType": "host",
    "props": Object {
      "children": Array [
        <label
          className="app-form-label"
          htmlFor="test_title"
          id="test_titleLabel"
>
          Test title
</label>,
        <textarea
          className="app-form-input"
          defaultValue=""
          id="test_titleTextarea"
          name="test_title"
          onChange={[Function]}
          placeholder=""
          required={true}
          rows={5}
          style={
                    Object {
                              "resize": "none",
                            }
          }
/>,
        <p
          className="app-form-error"
          id="test_titleError"
/>,
      ],
      "className": "app-form-group",
    },
    "ref": null,
    "rendered": Array [
      Object {
        "instance": null,
        "key": undefined,
        "nodeType": "host",
        "props": Object {
          "children": "Test title",
          "className": "app-form-label",
          "htmlFor": "test_title",
          "id": "test_titleLabel",
        },
        "ref": null,
        "rendered": "Test title",
        "type": "label",
      },
      Object {
        "instance": null,
        "key": undefined,
        "nodeType": "host",
        "props": Object {
          "className": "app-form-input",
          "defaultValue": "",
          "id": "test_titleTextarea",
          "name": "test_title",
          "onChange": [Function],
          "placeholder": "",
          "required": true,
          "rows": 5,
          "style": Object {
            "resize": "none",
          },
        },
        "ref": null,
        "rendered": null,
        "type": "textarea",
      },
      Object {
        "instance": null,
        "key": undefined,
        "nodeType": "host",
        "props": Object {
          "className": "app-form-error",
          "id": "test_titleError",
        },
        "ref": null,
        "rendered": null,
        "type": "p",
      },
    ],
    "type": "div",
  },
  Symbol(enzyme.__nodes__): Array [
    Object {
      "instance": null,
      "key": undefined,
      "nodeType": "host",
      "props": Object {
        "children": Array [
          <label
            className="app-form-label"
            htmlFor="test_title"
            id="test_titleLabel"
>
            Test title
</label>,
          <textarea
            className="app-form-input"
            defaultValue=""
            id="test_titleTextarea"
            name="test_title"
            onChange={[Function]}
            placeholder=""
            required={true}
            rows={5}
            style={
                        Object {
                                    "resize": "none",
                                  }
            }
/>,
          <p
            className="app-form-error"
            id="test_titleError"
/>,
        ],
        "className": "app-form-group",
      },
      "ref": null,
      "rendered": Array [
        Object {
          "instance": null,
          "key": undefined,
          "nodeType": "host",
          "props": Object {
            "children": "Test title",
            "className": "app-form-label",
            "htmlFor": "test_title",
            "id": "test_titleLabel",
          },
          "ref": null,
          "rendered": "Test title",
          "type": "label",
        },
        Object {
          "instance": null,
          "key": undefined,
          "nodeType": "host",
          "props": Object {
            "className": "app-form-input",
            "defaultValue": "",
            "id": "test_titleTextarea",
            "name": "test_title",
            "onChange": [Function],
            "placeholder": "",
            "required": true,
            "rows": 5,
            "style": Object {
              "resize": "none",
            },
          },
          "ref": null,
          "rendered": null,
          "type": "textarea",
        },
        Object {
          "instance": null,
          "key": undefined,
          "nodeType": "host",
          "props": Object {
            "className": "app-form-error",
            "id": "test_titleError",
          },
          "ref": null,
          "rendered": null,
          "type": "p",
        },
      ],
      "type": "div",
    },
  ],
  Symbol(enzyme.__options__): Object {
    "adapter": ReactSixteenAdapter {
      "options": Object {
        "enableComponentDidUpdateOnSetState": true,
      },
    },
  },
}
`;
