// Jest Snapshot v1, https://goo.gl/fbAQLP

exports[`<AdminPostList /> should render itself 1`] = `
ShallowWrapper {
  "length": 1,
  Symbol(enzyme.__root__): [Circular],
  Symbol(enzyme.__unrendered__): <AdminPostList
    dispatch={[Function]}
    handleClickCreate={[Function]}
    posts={
        Object {
            "completed": true,
            "data": Array [],
            "error": false,
            "message": "fake message",
          }
    }
/>,
  Symbol(enzyme.__renderer__): Object {
    "batchedUpdates": [Function],
    "getNode": [Function],
    "render": [Function],
    "simulateEvent": [Function],
    "unmount": [Function],
  },
  Symbol(enzyme.__node__): Object {
    "instance": null,
    "key": undefined,
    "nodeType": "host",
    "props": Object {
      "children": Array [
        <M
          duration={2000}
          error={false}
          icon="heart"
          message="fake message"
          next={true}
/>,
        <AdminPostItem
          handlePost={[Function]}
          label="Create Post"
/>,
        <Connect(AdminList)
          data={Array []}
          type="posts"
/>,
      ],
      "className": "app-content-grid",
    },
    "ref": null,
    "rendered": Array [
      Object {
        "instance": null,
        "key": undefined,
        "nodeType": "class",
        "props": Object {
          "duration": 2000,
          "error": false,
          "icon": "heart",
          "message": "fake message",
          "next": true,
        },
        "ref": null,
        "rendered": null,
        "type": [Function],
      },
      Object {
        "instance": null,
        "key": undefined,
        "nodeType": "function",
        "props": Object {
          "handlePost": [Function],
          "label": "Create Post",
        },
        "ref": null,
        "rendered": null,
        "type": [Function],
      },
      Object {
        "instance": null,
        "key": undefined,
        "nodeType": "class",
        "props": Object {
          "data": Array [],
          "type": "posts",
        },
        "ref": null,
        "rendered": null,
        "type": [Function],
      },
    ],
    "type": "div",
  },
  Symbol(enzyme.__nodes__): Array [
    Object {
      "instance": null,
      "key": undefined,
      "nodeType": "host",
      "props": Object {
        "children": Array [
          <M
            duration={2000}
            error={false}
            icon="heart"
            message="fake message"
            next={true}
/>,
          <AdminPostItem
            handlePost={[Function]}
            label="Create Post"
/>,
          <Connect(AdminList)
            data={Array []}
            type="posts"
/>,
        ],
        "className": "app-content-grid",
      },
      "ref": null,
      "rendered": Array [
        Object {
          "instance": null,
          "key": undefined,
          "nodeType": "class",
          "props": Object {
            "duration": 2000,
            "error": false,
            "icon": "heart",
            "message": "fake message",
            "next": true,
          },
          "ref": null,
          "rendered": null,
          "type": [Function],
        },
        Object {
          "instance": null,
          "key": undefined,
          "nodeType": "function",
          "props": Object {
            "handlePost": [Function],
            "label": "Create Post",
          },
          "ref": null,
          "rendered": null,
          "type": [Function],
        },
        Object {
          "instance": null,
          "key": undefined,
          "nodeType": "class",
          "props": Object {
            "data": Array [],
            "type": "posts",
          },
          "ref": null,
          "rendered": null,
          "type": [Function],
        },
      ],
      "type": "div",
    },
  ],
  Symbol(enzyme.__options__): Object {
    "adapter": ReactSixteenAdapter {
      "options": Object {
        "enableComponentDidUpdateOnSetState": true,
      },
    },
  },
}
`;
