// Jest Snapshot v1, https://goo.gl/fbAQLP

exports[`<AdminProjectItem /> should render itself 1`] = `
ShallowWrapper {
  "length": 1,
  Symbol(enzyme.__root__): [Circular],
  Symbol(enzyme.__unrendered__): <AdminProjectItem
    data={Object {}}
    handleProject={[Function]}
    label="test label"
/>,
  Symbol(enzyme.__renderer__): Object {
    "batchedUpdates": [Function],
    "getNode": [Function],
    "render": [Function],
    "simulateEvent": [Function],
    "unmount": [Function],
  },
  Symbol(enzyme.__node__): Object {
    "instance": null,
    "key": undefined,
    "nodeType": "host",
    "props": Object {
      "children": Array [
        <header
          className="app-grid-header"
>
          <h2
                    className="tit-section"
          >
                    test label
          </h2>
</header>,
        <form
          className="app-grid-body "
          encType="multipart/form-data"
          noValidate={true}
          onSubmit={[Function]}
>
          <SingleInput
                    content=""
                    controlFunc={[Function]}
                    inputType="text"
                    name="title"
                    pattern=".{6,}"
                    placeholder="Title"
                    required={true}
                    size=""
                    title="Title"
                    wrapper="app-grid-whole"
          />
          <SingleInput
                    content=""
                    controlFunc={[Function]}
                    inputType="text"
                    name="subtitle"
                    pattern=".{6,}"
                    placeholder="Subtitle"
                    required={true}
                    size=""
                    title="Subtitle"
                    wrapper="app-grid-item1"
          />
          <SingleInput
                    content=""
                    controlFunc={[Function]}
                    inputType="text"
                    name="link"
                    pattern=".{6,}"
                    placeholder="Link"
                    required={true}
                    size=""
                    title="Link"
                    wrapper="app-grid-item2"
          />
          <SingleInput
                    content=""
                    controlFunc={[Function]}
                    inputType="text"
                    name="extra"
                    pattern=""
                    placeholder="Add extra content"
                    required={false}
                    size=""
                    title="Add extra content"
                    wrapper="app-grid-whole"
          />
          <ImageUploader
                    handleImage={[Function]}
          />
          <img
                    alt="Preview..."
                    className="app-preview"
                    height="200"
                    src={undefined}
          />
          <TextArea
                    content=""
                    controlFunc={[Function]}
                    name="summary"
                    pattern=".{25,}"
                    placeholder=""
                    required={true}
                    resize={false}
                    rows={5}
                    title="Summary"
                    wrapper="app-grid-whole"
          />
          <TextArea
                    content=""
                    controlFunc={[Function]}
                    name="content"
                    pattern=".{25,}"
                    placeholder=""
                    required={true}
                    resize={false}
                    rows={5}
                    title="Content"
                    wrapper="app-grid-whole"
          />
          <button
                    className="app-grid-btn btn"
                    type="submit"
          >
                    test label
          </button>
</form>,
      ],
      "className": "app-grid",
    },
    "ref": null,
    "rendered": Array [
      Object {
        "instance": null,
        "key": undefined,
        "nodeType": "host",
        "props": Object {
          "children": Array [
            <h2
              className="tit-section"
>
              test label
</h2>,
            false,
          ],
          "className": "app-grid-header",
        },
        "ref": null,
        "rendered": Array [
          Object {
            "instance": null,
            "key": undefined,
            "nodeType": "host",
            "props": Object {
              "children": "test label",
              "className": "tit-section",
            },
            "ref": null,
            "rendered": "test label",
            "type": "h2",
          },
          false,
        ],
        "type": "header",
      },
      Object {
        "instance": null,
        "key": undefined,
        "nodeType": "host",
        "props": Object {
          "children": Array [
            <SingleInput
              content=""
              controlFunc={[Function]}
              inputType="text"
              name="title"
              pattern=".{6,}"
              placeholder="Title"
              required={true}
              size=""
              title="Title"
              wrapper="app-grid-whole"
/>,
            <SingleInput
              content=""
              controlFunc={[Function]}
              inputType="text"
              name="subtitle"
              pattern=".{6,}"
              placeholder="Subtitle"
              required={true}
              size=""
              title="Subtitle"
              wrapper="app-grid-item1"
/>,
            <SingleInput
              content=""
              controlFunc={[Function]}
              inputType="text"
              name="link"
              pattern=".{6,}"
              placeholder="Link"
              required={true}
              size=""
              title="Link"
              wrapper="app-grid-item2"
/>,
            <SingleInput
              content=""
              controlFunc={[Function]}
              inputType="text"
              name="extra"
              pattern=""
              placeholder="Add extra content"
              required={false}
              size=""
              title="Add extra content"
              wrapper="app-grid-whole"
/>,
            <ImageUploader
              handleImage={[Function]}
/>,
            <img
              alt="Preview..."
              className="app-preview"
              height="200"
              src={undefined}
/>,
            <TextArea
              content=""
              controlFunc={[Function]}
              name="summary"
              pattern=".{25,}"
              placeholder=""
              required={true}
              resize={false}
              rows={5}
              title="Summary"
              wrapper="app-grid-whole"
/>,
            <TextArea
              content=""
              controlFunc={[Function]}
              name="content"
              pattern=".{25,}"
              placeholder=""
              required={true}
              resize={false}
              rows={5}
              title="Content"
              wrapper="app-grid-whole"
/>,
            <button
              className="app-grid-btn btn"
              type="submit"
>
              test label
</button>,
          ],
          "className": "app-grid-body ",
          "encType": "multipart/form-data",
          "noValidate": true,
          "onSubmit": [Function],
        },
        "ref": null,
        "rendered": Array [
          Object {
            "instance": null,
            "key": undefined,
            "nodeType": "function",
            "props": Object {
              "content": "",
              "controlFunc": [Function],
              "inputType": "text",
              "name": "title",
              "pattern": ".{6,}",
              "placeholder": "Title",
              "required": true,
              "size": "",
              "title": "Title",
              "wrapper": "app-grid-whole",
            },
            "ref": null,
            "rendered": null,
            "type": [Function],
          },
          Object {
            "instance": null,
            "key": undefined,
            "nodeType": "function",
            "props": Object {
              "content": "",
              "controlFunc": [Function],
              "inputType": "text",
              "name": "subtitle",
              "pattern": ".{6,}",
              "placeholder": "Subtitle",
              "required": true,
              "size": "",
              "title": "Subtitle",
              "wrapper": "app-grid-item1",
            },
            "ref": null,
            "rendered": null,
            "type": [Function],
          },
          Object {
            "instance": null,
            "key": undefined,
            "nodeType": "function",
            "props": Object {
              "content": "",
              "controlFunc": [Function],
              "inputType": "text",
              "name": "link",
              "pattern": ".{6,}",
              "placeholder": "Link",
              "required": true,
              "size": "",
              "title": "Link",
              "wrapper": "app-grid-item2",
            },
            "ref": null,
            "rendered": null,
            "type": [Function],
          },
          Object {
            "instance": null,
            "key": undefined,
            "nodeType": "function",
            "props": Object {
              "content": "",
              "controlFunc": [Function],
              "inputType": "text",
              "name": "extra",
              "pattern": "",
              "placeholder": "Add extra content",
              "required": false,
              "size": "",
              "title": "Add extra content",
              "wrapper": "app-grid-whole",
            },
            "ref": null,
            "rendered": null,
            "type": [Function],
          },
          Object {
            "instance": null,
            "key": undefined,
            "nodeType": "class",
            "props": Object {
              "handleImage": [Function],
            },
            "ref": null,
            "rendered": null,
            "type": [Function],
          },
          Object {
            "instance": null,
            "key": undefined,
            "nodeType": "host",
            "props": Object {
              "alt": "Preview...",
              "className": "app-preview",
              "height": "200",
              "src": undefined,
            },
            "ref": null,
            "rendered": null,
            "type": "img",
          },
          Object {
            "instance": null,
            "key": undefined,
            "nodeType": "function",
            "props": Object {
              "content": "",
              "controlFunc": [Function],
              "name": "summary",
              "pattern": ".{25,}",
              "placeholder": "",
              "required": true,
              "resize": false,
              "rows": 5,
              "title": "Summary",
              "wrapper": "app-grid-whole",
            },
            "ref": null,
            "rendered": null,
            "type": [Function],
          },
          Object {
            "instance": null,
            "key": undefined,
            "nodeType": "function",
            "props": Object {
              "content": "",
              "controlFunc": [Function],
              "name": "content",
              "pattern": ".{25,}",
              "placeholder": "",
              "required": true,
              "resize": false,
              "rows": 5,
              "title": "Content",
              "wrapper": "app-grid-whole",
            },
            "ref": null,
            "rendered": null,
            "type": [Function],
          },
          Object {
            "instance": null,
            "key": undefined,
            "nodeType": "host",
            "props": Object {
              "children": "test label",
              "className": "app-grid-btn btn",
              "type": "submit",
            },
            "ref": null,
            "rendered": "test label",
            "type": "button",
          },
        ],
        "type": "form",
      },
    ],
    "type": "article",
  },
  Symbol(enzyme.__nodes__): Array [
    Object {
      "instance": null,
      "key": undefined,
      "nodeType": "host",
      "props": Object {
        "children": Array [
          <header
            className="app-grid-header"
>
            <h2
                        className="tit-section"
            >
                        test label
            </h2>
</header>,
          <form
            className="app-grid-body "
            encType="multipart/form-data"
            noValidate={true}
            onSubmit={[Function]}
>
            <SingleInput
                        content=""
                        controlFunc={[Function]}
                        inputType="text"
                        name="title"
                        pattern=".{6,}"
                        placeholder="Title"
                        required={true}
                        size=""
                        title="Title"
                        wrapper="app-grid-whole"
            />
            <SingleInput
                        content=""
                        controlFunc={[Function]}
                        inputType="text"
                        name="subtitle"
                        pattern=".{6,}"
                        placeholder="Subtitle"
                        required={true}
                        size=""
                        title="Subtitle"
                        wrapper="app-grid-item1"
            />
            <SingleInput
                        content=""
                        controlFunc={[Function]}
                        inputType="text"
                        name="link"
                        pattern=".{6,}"
                        placeholder="Link"
                        required={true}
                        size=""
                        title="Link"
                        wrapper="app-grid-item2"
            />
            <SingleInput
                        content=""
                        controlFunc={[Function]}
                        inputType="text"
                        name="extra"
                        pattern=""
                        placeholder="Add extra content"
                        required={false}
                        size=""
                        title="Add extra content"
                        wrapper="app-grid-whole"
            />
            <ImageUploader
                        handleImage={[Function]}
            />
            <img
                        alt="Preview..."
                        className="app-preview"
                        height="200"
                        src={undefined}
            />
            <TextArea
                        content=""
                        controlFunc={[Function]}
                        name="summary"
                        pattern=".{25,}"
                        placeholder=""
                        required={true}
                        resize={false}
                        rows={5}
                        title="Summary"
                        wrapper="app-grid-whole"
            />
            <TextArea
                        content=""
                        controlFunc={[Function]}
                        name="content"
                        pattern=".{25,}"
                        placeholder=""
                        required={true}
                        resize={false}
                        rows={5}
                        title="Content"
                        wrapper="app-grid-whole"
            />
            <button
                        className="app-grid-btn btn"
                        type="submit"
            >
                        test label
            </button>
</form>,
        ],
        "className": "app-grid",
      },
      "ref": null,
      "rendered": Array [
        Object {
          "instance": null,
          "key": undefined,
          "nodeType": "host",
          "props": Object {
            "children": Array [
              <h2
                className="tit-section"
>
                test label
</h2>,
              false,
            ],
            "className": "app-grid-header",
          },
          "ref": null,
          "rendered": Array [
            Object {
              "instance": null,
              "key": undefined,
              "nodeType": "host",
              "props": Object {
                "children": "test label",
                "className": "tit-section",
              },
              "ref": null,
              "rendered": "test label",
              "type": "h2",
            },
            false,
          ],
          "type": "header",
        },
        Object {
          "instance": null,
          "key": undefined,
          "nodeType": "host",
          "props": Object {
            "children": Array [
              <SingleInput
                content=""
                controlFunc={[Function]}
                inputType="text"
                name="title"
                pattern=".{6,}"
                placeholder="Title"
                required={true}
                size=""
                title="Title"
                wrapper="app-grid-whole"
/>,
              <SingleInput
                content=""
                controlFunc={[Function]}
                inputType="text"
                name="subtitle"
                pattern=".{6,}"
                placeholder="Subtitle"
                required={true}
                size=""
                title="Subtitle"
                wrapper="app-grid-item1"
/>,
              <SingleInput
                content=""
                controlFunc={[Function]}
                inputType="text"
                name="link"
                pattern=".{6,}"
                placeholder="Link"
                required={true}
                size=""
                title="Link"
                wrapper="app-grid-item2"
/>,
              <SingleInput
                content=""
                controlFunc={[Function]}
                inputType="text"
                name="extra"
                pattern=""
                placeholder="Add extra content"
                required={false}
                size=""
                title="Add extra content"
                wrapper="app-grid-whole"
/>,
              <ImageUploader
                handleImage={[Function]}
/>,
              <img
                alt="Preview..."
                className="app-preview"
                height="200"
                src={undefined}
/>,
              <TextArea
                content=""
                controlFunc={[Function]}
                name="summary"
                pattern=".{25,}"
                placeholder=""
                required={true}
                resize={false}
                rows={5}
                title="Summary"
                wrapper="app-grid-whole"
/>,
              <TextArea
                content=""
                controlFunc={[Function]}
                name="content"
                pattern=".{25,}"
                placeholder=""
                required={true}
                resize={false}
                rows={5}
                title="Content"
                wrapper="app-grid-whole"
/>,
              <button
                className="app-grid-btn btn"
                type="submit"
>
                test label
</button>,
            ],
            "className": "app-grid-body ",
            "encType": "multipart/form-data",
            "noValidate": true,
            "onSubmit": [Function],
          },
          "ref": null,
          "rendered": Array [
            Object {
              "instance": null,
              "key": undefined,
              "nodeType": "function",
              "props": Object {
                "content": "",
                "controlFunc": [Function],
                "inputType": "text",
                "name": "title",
                "pattern": ".{6,}",
                "placeholder": "Title",
                "required": true,
                "size": "",
                "title": "Title",
                "wrapper": "app-grid-whole",
              },
              "ref": null,
              "rendered": null,
              "type": [Function],
            },
            Object {
              "instance": null,
              "key": undefined,
              "nodeType": "function",
              "props": Object {
                "content": "",
                "controlFunc": [Function],
                "inputType": "text",
                "name": "subtitle",
                "pattern": ".{6,}",
                "placeholder": "Subtitle",
                "required": true,
                "size": "",
                "title": "Subtitle",
                "wrapper": "app-grid-item1",
              },
              "ref": null,
              "rendered": null,
              "type": [Function],
            },
            Object {
              "instance": null,
              "key": undefined,
              "nodeType": "function",
              "props": Object {
                "content": "",
                "controlFunc": [Function],
                "inputType": "text",
                "name": "link",
                "pattern": ".{6,}",
                "placeholder": "Link",
                "required": true,
                "size": "",
                "title": "Link",
                "wrapper": "app-grid-item2",
              },
              "ref": null,
              "rendered": null,
              "type": [Function],
            },
            Object {
              "instance": null,
              "key": undefined,
              "nodeType": "function",
              "props": Object {
                "content": "",
                "controlFunc": [Function],
                "inputType": "text",
                "name": "extra",
                "pattern": "",
                "placeholder": "Add extra content",
                "required": false,
                "size": "",
                "title": "Add extra content",
                "wrapper": "app-grid-whole",
              },
              "ref": null,
              "rendered": null,
              "type": [Function],
            },
            Object {
              "instance": null,
              "key": undefined,
              "nodeType": "class",
              "props": Object {
                "handleImage": [Function],
              },
              "ref": null,
              "rendered": null,
              "type": [Function],
            },
            Object {
              "instance": null,
              "key": undefined,
              "nodeType": "host",
              "props": Object {
                "alt": "Preview...",
                "className": "app-preview",
                "height": "200",
                "src": undefined,
              },
              "ref": null,
              "rendered": null,
              "type": "img",
            },
            Object {
              "instance": null,
              "key": undefined,
              "nodeType": "function",
              "props": Object {
                "content": "",
                "controlFunc": [Function],
                "name": "summary",
                "pattern": ".{25,}",
                "placeholder": "",
                "required": true,
                "resize": false,
                "rows": 5,
                "title": "Summary",
                "wrapper": "app-grid-whole",
              },
              "ref": null,
              "rendered": null,
              "type": [Function],
            },
            Object {
              "instance": null,
              "key": undefined,
              "nodeType": "function",
              "props": Object {
                "content": "",
                "controlFunc": [Function],
                "name": "content",
                "pattern": ".{25,}",
                "placeholder": "",
                "required": true,
                "resize": false,
                "rows": 5,
                "title": "Content",
                "wrapper": "app-grid-whole",
              },
              "ref": null,
              "rendered": null,
              "type": [Function],
            },
            Object {
              "instance": null,
              "key": undefined,
              "nodeType": "host",
              "props": Object {
                "children": "test label",
                "className": "app-grid-btn btn",
                "type": "submit",
              },
              "ref": null,
              "rendered": "test label",
              "type": "button",
            },
          ],
          "type": "form",
        },
      ],
      "type": "article",
    },
  ],
  Symbol(enzyme.__options__): Object {
    "adapter": ReactSixteenAdapter {
      "options": Object {
        "enableComponentDidUpdateOnSetState": true,
      },
    },
  },
}
`;
