// Jest Snapshot v1, https://goo.gl/fbAQLP

exports[`<Background /> should render itself 1`] = `
ShallowWrapper {
  "length": 1,
  Symbol(enzyme.__root__): [Circular],
  Symbol(enzyme.__unrendered__): <Background
    title="Just a fake title"
/>,
  Symbol(enzyme.__renderer__): Object {
    "batchedUpdates": [Function],
    "getNode": [Function],
    "render": [Function],
    "simulateEvent": [Function],
    "unmount": [Function],
  },
  Symbol(enzyme.__node__): Object {
    "instance": null,
    "key": undefined,
    "nodeType": "host",
    "props": Object {
      "children": <img
        alt="Background of Just a fake title"
        className="app-background-img"
        src="bg_1.jpg"
/>,
      "className": "app-background ",
    },
    "ref": null,
    "rendered": Object {
      "instance": null,
      "key": undefined,
      "nodeType": "host",
      "props": Object {
        "alt": "Background of Just a fake title",
        "className": "app-background-img",
        "src": "bg_1.jpg",
      },
      "ref": null,
      "rendered": null,
      "type": "img",
    },
    "type": "figure",
  },
  Symbol(enzyme.__nodes__): Array [
    Object {
      "instance": null,
      "key": undefined,
      "nodeType": "host",
      "props": Object {
        "children": <img
          alt="Background of Just a fake title"
          className="app-background-img"
          src="bg_1.jpg"
/>,
        "className": "app-background ",
      },
      "ref": null,
      "rendered": Object {
        "instance": null,
        "key": undefined,
        "nodeType": "host",
        "props": Object {
          "alt": "Background of Just a fake title",
          "className": "app-background-img",
          "src": "bg_1.jpg",
        },
        "ref": null,
        "rendered": null,
        "type": "img",
      },
      "type": "figure",
    },
  ],
  Symbol(enzyme.__options__): Object {
    "adapter": ReactSixteenAdapter {
      "options": Object {
        "enableComponentDidUpdateOnSetState": true,
      },
    },
  },
}
`;
