// Jest Snapshot v1, https://goo.gl/fbAQLP

exports[`<Footer /> should render itself 1`] = `
ShallowWrapper {
  "length": 1,
  Symbol(enzyme.__root__): [Circular],
  Symbol(enzyme.__unrendered__): <Footer
    year={2018-03-02T18:24:38.491Z}
/>,
  Symbol(enzyme.__renderer__): Object {
    "batchedUpdates": [Function],
    "getNode": [Function],
    "render": [Function],
    "simulateEvent": [Function],
    "unmount": [Function],
  },
  Symbol(enzyme.__node__): Object {
    "instance": null,
    "key": undefined,
    "nodeType": "host",
    "props": Object {
      "children": Array [
        <ul
          className="app-footer-list"
>
          <li
                    className="app-footer-item"
          >
                    <a
                              className="icon-twitter"
                              href="https://twitter.com/txiverke"
                              target="_blank"
                    >
                              <span>
                                        Link to my Twitter
                              </span>
                    </a>
          </li>
          <li
                    className="app-footer-item"
          >
                    <a
                              className="icon-github"
                              href="https://github.com/txiverke"
                              target="_blank"
                    >
                              <span>
                                        Link to my Github
                              </span>
                    </a>
          </li>
          <li
                    className="app-footer-item"
          >
                    <a
                              className="icon-instagram"
                              href="https://www.instagram.com/txiverke/"
                              target="_blank"
                    >
                              <span>
                                        Link to my Instagram
                              </span>
                    </a>
          </li>
</ul>,
        <Link
          className="txt-tiny txt-transparent"
          replace={false}
          to="/admin"
>
          ©  
          <time
                    dateTime={2018-03-02T18:24:38.491Z}
          >
                    2018
          </time>
           xaviervila.tech
</Link>,
      ],
      "className": "app-footer",
    },
    "ref": null,
    "rendered": Array [
      Object {
        "instance": null,
        "key": undefined,
        "nodeType": "host",
        "props": Object {
          "children": Array [
            <li
              className="app-footer-item"
>
              <a
                            className="icon-twitter"
                            href="https://twitter.com/txiverke"
                            target="_blank"
              >
                            <span>
                                          Link to my Twitter
                            </span>
              </a>
</li>,
            <li
              className="app-footer-item"
>
              <a
                            className="icon-github"
                            href="https://github.com/txiverke"
                            target="_blank"
              >
                            <span>
                                          Link to my Github
                            </span>
              </a>
</li>,
            <li
              className="app-footer-item"
>
              <a
                            className="icon-instagram"
                            href="https://www.instagram.com/txiverke/"
                            target="_blank"
              >
                            <span>
                                          Link to my Instagram
                            </span>
              </a>
</li>,
          ],
          "className": "app-footer-list",
        },
        "ref": null,
        "rendered": Array [
          Object {
            "instance": null,
            "key": "Twitter",
            "nodeType": "host",
            "props": Object {
              "children": <a
                className="icon-twitter"
                href="https://twitter.com/txiverke"
                target="_blank"
>
                <span>
                                Link to my Twitter
                </span>
</a>,
              "className": "app-footer-item",
            },
            "ref": null,
            "rendered": Object {
              "instance": null,
              "key": undefined,
              "nodeType": "host",
              "props": Object {
                "children": <span>
                  Link to my Twitter
</span>,
                "className": "icon-twitter",
                "href": "https://twitter.com/txiverke",
                "target": "_blank",
              },
              "ref": null,
              "rendered": Object {
                "instance": null,
                "key": undefined,
                "nodeType": "host",
                "props": Object {
                  "children": "Link to my Twitter",
                },
                "ref": null,
                "rendered": "Link to my Twitter",
                "type": "span",
              },
              "type": "a",
            },
            "type": "li",
          },
          Object {
            "instance": null,
            "key": "Github",
            "nodeType": "host",
            "props": Object {
              "children": <a
                className="icon-github"
                href="https://github.com/txiverke"
                target="_blank"
>
                <span>
                                Link to my Github
                </span>
</a>,
              "className": "app-footer-item",
            },
            "ref": null,
            "rendered": Object {
              "instance": null,
              "key": undefined,
              "nodeType": "host",
              "props": Object {
                "children": <span>
                  Link to my Github
</span>,
                "className": "icon-github",
                "href": "https://github.com/txiverke",
                "target": "_blank",
              },
              "ref": null,
              "rendered": Object {
                "instance": null,
                "key": undefined,
                "nodeType": "host",
                "props": Object {
                  "children": "Link to my Github",
                },
                "ref": null,
                "rendered": "Link to my Github",
                "type": "span",
              },
              "type": "a",
            },
            "type": "li",
          },
          Object {
            "instance": null,
            "key": "Instagram",
            "nodeType": "host",
            "props": Object {
              "children": <a
                className="icon-instagram"
                href="https://www.instagram.com/txiverke/"
                target="_blank"
>
                <span>
                                Link to my Instagram
                </span>
</a>,
              "className": "app-footer-item",
            },
            "ref": null,
            "rendered": Object {
              "instance": null,
              "key": undefined,
              "nodeType": "host",
              "props": Object {
                "children": <span>
                  Link to my Instagram
</span>,
                "className": "icon-instagram",
                "href": "https://www.instagram.com/txiverke/",
                "target": "_blank",
              },
              "ref": null,
              "rendered": Object {
                "instance": null,
                "key": undefined,
                "nodeType": "host",
                "props": Object {
                  "children": "Link to my Instagram",
                },
                "ref": null,
                "rendered": "Link to my Instagram",
                "type": "span",
              },
              "type": "a",
            },
            "type": "li",
          },
        ],
        "type": "ul",
      },
      Object {
        "instance": null,
        "key": undefined,
        "nodeType": "class",
        "props": Object {
          "children": Array [
            "©  ",
            <time
              dateTime={2018-03-02T18:24:38.491Z}
>
              2018
</time>,
            " xaviervila.tech",
          ],
          "className": "txt-tiny txt-transparent",
          "replace": false,
          "to": "/admin",
        },
        "ref": null,
        "rendered": Array [
          "©  ",
          Object {
            "instance": null,
            "key": undefined,
            "nodeType": "host",
            "props": Object {
              "children": 2018,
              "dateTime": 2018-03-02T18:24:38.491Z,
            },
            "ref": null,
            "rendered": 2018,
            "type": "time",
          },
          " xaviervila.tech",
        ],
        "type": [Function],
      },
    ],
    "type": "footer",
  },
  Symbol(enzyme.__nodes__): Array [
    Object {
      "instance": null,
      "key": undefined,
      "nodeType": "host",
      "props": Object {
        "children": Array [
          <ul
            className="app-footer-list"
>
            <li
                        className="app-footer-item"
            >
                        <a
                                    className="icon-twitter"
                                    href="https://twitter.com/txiverke"
                                    target="_blank"
                        >
                                    <span>
                                                Link to my Twitter
                                    </span>
                        </a>
            </li>
            <li
                        className="app-footer-item"
            >
                        <a
                                    className="icon-github"
                                    href="https://github.com/txiverke"
                                    target="_blank"
                        >
                                    <span>
                                                Link to my Github
                                    </span>
                        </a>
            </li>
            <li
                        className="app-footer-item"
            >
                        <a
                                    className="icon-instagram"
                                    href="https://www.instagram.com/txiverke/"
                                    target="_blank"
                        >
                                    <span>
                                                Link to my Instagram
                                    </span>
                        </a>
            </li>
</ul>,
          <Link
            className="txt-tiny txt-transparent"
            replace={false}
            to="/admin"
>
            ©  
            <time
                        dateTime={2018-03-02T18:24:38.491Z}
            >
                        2018
            </time>
             xaviervila.tech
</Link>,
        ],
        "className": "app-footer",
      },
      "ref": null,
      "rendered": Array [
        Object {
          "instance": null,
          "key": undefined,
          "nodeType": "host",
          "props": Object {
            "children": Array [
              <li
                className="app-footer-item"
>
                <a
                                className="icon-twitter"
                                href="https://twitter.com/txiverke"
                                target="_blank"
                >
                                <span>
                                                Link to my Twitter
                                </span>
                </a>
</li>,
              <li
                className="app-footer-item"
>
                <a
                                className="icon-github"
                                href="https://github.com/txiverke"
                                target="_blank"
                >
                                <span>
                                                Link to my Github
                                </span>
                </a>
</li>,
              <li
                className="app-footer-item"
>
                <a
                                className="icon-instagram"
                                href="https://www.instagram.com/txiverke/"
                                target="_blank"
                >
                                <span>
                                                Link to my Instagram
                                </span>
                </a>
</li>,
            ],
            "className": "app-footer-list",
          },
          "ref": null,
          "rendered": Array [
            Object {
              "instance": null,
              "key": "Twitter",
              "nodeType": "host",
              "props": Object {
                "children": <a
                  className="icon-twitter"
                  href="https://twitter.com/txiverke"
                  target="_blank"
>
                  <span>
                                    Link to my Twitter
                  </span>
</a>,
                "className": "app-footer-item",
              },
              "ref": null,
              "rendered": Object {
                "instance": null,
                "key": undefined,
                "nodeType": "host",
                "props": Object {
                  "children": <span>
                    Link to my Twitter
</span>,
                  "className": "icon-twitter",
                  "href": "https://twitter.com/txiverke",
                  "target": "_blank",
                },
                "ref": null,
                "rendered": Object {
                  "instance": null,
                  "key": undefined,
                  "nodeType": "host",
                  "props": Object {
                    "children": "Link to my Twitter",
                  },
                  "ref": null,
                  "rendered": "Link to my Twitter",
                  "type": "span",
                },
                "type": "a",
              },
              "type": "li",
            },
            Object {
              "instance": null,
              "key": "Github",
              "nodeType": "host",
              "props": Object {
                "children": <a
                  className="icon-github"
                  href="https://github.com/txiverke"
                  target="_blank"
>
                  <span>
                                    Link to my Github
                  </span>
</a>,
                "className": "app-footer-item",
              },
              "ref": null,
              "rendered": Object {
                "instance": null,
                "key": undefined,
                "nodeType": "host",
                "props": Object {
                  "children": <span>
                    Link to my Github
</span>,
                  "className": "icon-github",
                  "href": "https://github.com/txiverke",
                  "target": "_blank",
                },
                "ref": null,
                "rendered": Object {
                  "instance": null,
                  "key": undefined,
                  "nodeType": "host",
                  "props": Object {
                    "children": "Link to my Github",
                  },
                  "ref": null,
                  "rendered": "Link to my Github",
                  "type": "span",
                },
                "type": "a",
              },
              "type": "li",
            },
            Object {
              "instance": null,
              "key": "Instagram",
              "nodeType": "host",
              "props": Object {
                "children": <a
                  className="icon-instagram"
                  href="https://www.instagram.com/txiverke/"
                  target="_blank"
>
                  <span>
                                    Link to my Instagram
                  </span>
</a>,
                "className": "app-footer-item",
              },
              "ref": null,
              "rendered": Object {
                "instance": null,
                "key": undefined,
                "nodeType": "host",
                "props": Object {
                  "children": <span>
                    Link to my Instagram
</span>,
                  "className": "icon-instagram",
                  "href": "https://www.instagram.com/txiverke/",
                  "target": "_blank",
                },
                "ref": null,
                "rendered": Object {
                  "instance": null,
                  "key": undefined,
                  "nodeType": "host",
                  "props": Object {
                    "children": "Link to my Instagram",
                  },
                  "ref": null,
                  "rendered": "Link to my Instagram",
                  "type": "span",
                },
                "type": "a",
              },
              "type": "li",
            },
          ],
          "type": "ul",
        },
        Object {
          "instance": null,
          "key": undefined,
          "nodeType": "class",
          "props": Object {
            "children": Array [
              "©  ",
              <time
                dateTime={2018-03-02T18:24:38.491Z}
>
                2018
</time>,
              " xaviervila.tech",
            ],
            "className": "txt-tiny txt-transparent",
            "replace": false,
            "to": "/admin",
          },
          "ref": null,
          "rendered": Array [
            "©  ",
            Object {
              "instance": null,
              "key": undefined,
              "nodeType": "host",
              "props": Object {
                "children": 2018,
                "dateTime": 2018-03-02T18:24:38.491Z,
              },
              "ref": null,
              "rendered": 2018,
              "type": "time",
            },
            " xaviervila.tech",
          ],
          "type": [Function],
        },
      ],
      "type": "footer",
    },
  ],
  Symbol(enzyme.__options__): Object {
    "adapter": ReactSixteenAdapter {
      "options": Object {
        "enableComponentDidUpdateOnSetState": true,
      },
    },
  },
}
`;
