// Jest Snapshot v1, https://goo.gl/fbAQLP

exports[`<Stats /> should render itself 1`] = `
ShallowWrapper {
  "length": 1,
  Symbol(enzyme.__root__): [Circular],
  Symbol(enzyme.__unrendered__): <Stats
    DIC={Object {}}
    authenticate={
        Object {
            "completed": true,
            "data": "token",
            "error": false,
            "message": "test message",
          }
    }
    dispatch={[Function]}
    statistic={
        Object {
            "completed": true,
            "data": Object {},
            "error": false,
            "message": "test message",
          }
    }
/>,
  Symbol(enzyme.__renderer__): Object {
    "batchedUpdates": [Function],
    "getNode": [Function],
    "render": [Function],
    "simulateEvent": [Function],
    "unmount": [Function],
  },
  Symbol(enzyme.__node__): Object {
    "instance": null,
    "key": undefined,
    "nodeType": "host",
    "props": Object {
      "children": Array [
        <article
          className="app-content-landing"
>
          <h2>
                    <Link
                              replace={false}
                              to="/admin/about-me"
                    >
                              <span>
                                        00
                              </span>
                              <span
                                        className="bold"
                              >
                                        undefined undefined
                              </span>
                    </Link>
          </h2>
</article>,
        <article
          className="app-content-landing"
>
          <h2>
                    <Link
                              replace={false}
                              to="/admin/posts"
                    >
                              <span>
                                        00
                              </span>
                              <span
                                        className="bold"
                              >
                                        undefined undefined
                              </span>
                    </Link>
          </h2>
</article>,
        <article
          className="app-content-landing"
>
          <h2>
                    <Link
                              replace={false}
                              to="/admin/projects"
                    >
                              <span>
                                        00
                              </span>
                              <span
                                        className="bold"
                              >
                                        undefined undefined
                              </span>
                    </Link>
          </h2>
</article>,
      ],
      "className": "app-content",
    },
    "ref": null,
    "rendered": Array [
      Object {
        "instance": null,
        "key": "about-me",
        "nodeType": "host",
        "props": Object {
          "children": <h2>
            <Link
                        replace={false}
                        to="/admin/about-me"
            >
                        <span>
                                    00
                        </span>
                        <span
                                    className="bold"
                        >
                                    undefined undefined
                        </span>
            </Link>
</h2>,
          "className": "app-content-landing",
        },
        "ref": null,
        "rendered": Object {
          "instance": null,
          "key": undefined,
          "nodeType": "host",
          "props": Object {
            "children": <Link
              replace={false}
              to="/admin/about-me"
>
              <span>
                            00
              </span>
              <span
                            className="bold"
              >
                            undefined undefined
              </span>
</Link>,
          },
          "ref": null,
          "rendered": Object {
            "instance": null,
            "key": undefined,
            "nodeType": "class",
            "props": Object {
              "children": Array [
                <span>
                  00
</span>,
                <span
                  className="bold"
>
                  undefined undefined
</span>,
              ],
              "replace": false,
              "to": "/admin/about-me",
            },
            "ref": null,
            "rendered": Array [
              Object {
                "instance": null,
                "key": undefined,
                "nodeType": "host",
                "props": Object {
                  "children": "00",
                },
                "ref": null,
                "rendered": "00",
                "type": "span",
              },
              Object {
                "instance": null,
                "key": undefined,
                "nodeType": "host",
                "props": Object {
                  "children": "undefined undefined",
                  "className": "bold",
                },
                "ref": null,
                "rendered": "undefined undefined",
                "type": "span",
              },
            ],
            "type": [Function],
          },
          "type": "h2",
        },
        "type": "article",
      },
      Object {
        "instance": null,
        "key": "posts",
        "nodeType": "host",
        "props": Object {
          "children": <h2>
            <Link
                        replace={false}
                        to="/admin/posts"
            >
                        <span>
                                    00
                        </span>
                        <span
                                    className="bold"
                        >
                                    undefined undefined
                        </span>
            </Link>
</h2>,
          "className": "app-content-landing",
        },
        "ref": null,
        "rendered": Object {
          "instance": null,
          "key": undefined,
          "nodeType": "host",
          "props": Object {
            "children": <Link
              replace={false}
              to="/admin/posts"
>
              <span>
                            00
              </span>
              <span
                            className="bold"
              >
                            undefined undefined
              </span>
</Link>,
          },
          "ref": null,
          "rendered": Object {
            "instance": null,
            "key": undefined,
            "nodeType": "class",
            "props": Object {
              "children": Array [
                <span>
                  00
</span>,
                <span
                  className="bold"
>
                  undefined undefined
</span>,
              ],
              "replace": false,
              "to": "/admin/posts",
            },
            "ref": null,
            "rendered": Array [
              Object {
                "instance": null,
                "key": undefined,
                "nodeType": "host",
                "props": Object {
                  "children": "00",
                },
                "ref": null,
                "rendered": "00",
                "type": "span",
              },
              Object {
                "instance": null,
                "key": undefined,
                "nodeType": "host",
                "props": Object {
                  "children": "undefined undefined",
                  "className": "bold",
                },
                "ref": null,
                "rendered": "undefined undefined",
                "type": "span",
              },
            ],
            "type": [Function],
          },
          "type": "h2",
        },
        "type": "article",
      },
      Object {
        "instance": null,
        "key": "projects",
        "nodeType": "host",
        "props": Object {
          "children": <h2>
            <Link
                        replace={false}
                        to="/admin/projects"
            >
                        <span>
                                    00
                        </span>
                        <span
                                    className="bold"
                        >
                                    undefined undefined
                        </span>
            </Link>
</h2>,
          "className": "app-content-landing",
        },
        "ref": null,
        "rendered": Object {
          "instance": null,
          "key": undefined,
          "nodeType": "host",
          "props": Object {
            "children": <Link
              replace={false}
              to="/admin/projects"
>
              <span>
                            00
              </span>
              <span
                            className="bold"
              >
                            undefined undefined
              </span>
</Link>,
          },
          "ref": null,
          "rendered": Object {
            "instance": null,
            "key": undefined,
            "nodeType": "class",
            "props": Object {
              "children": Array [
                <span>
                  00
</span>,
                <span
                  className="bold"
>
                  undefined undefined
</span>,
              ],
              "replace": false,
              "to": "/admin/projects",
            },
            "ref": null,
            "rendered": Array [
              Object {
                "instance": null,
                "key": undefined,
                "nodeType": "host",
                "props": Object {
                  "children": "00",
                },
                "ref": null,
                "rendered": "00",
                "type": "span",
              },
              Object {
                "instance": null,
                "key": undefined,
                "nodeType": "host",
                "props": Object {
                  "children": "undefined undefined",
                  "className": "bold",
                },
                "ref": null,
                "rendered": "undefined undefined",
                "type": "span",
              },
            ],
            "type": [Function],
          },
          "type": "h2",
        },
        "type": "article",
      },
    ],
    "type": "div",
  },
  Symbol(enzyme.__nodes__): Array [
    Object {
      "instance": null,
      "key": undefined,
      "nodeType": "host",
      "props": Object {
        "children": Array [
          <article
            className="app-content-landing"
>
            <h2>
                        <Link
                                    replace={false}
                                    to="/admin/about-me"
                        >
                                    <span>
                                                00
                                    </span>
                                    <span
                                                className="bold"
                                    >
                                                undefined undefined
                                    </span>
                        </Link>
            </h2>
</article>,
          <article
            className="app-content-landing"
>
            <h2>
                        <Link
                                    replace={false}
                                    to="/admin/posts"
                        >
                                    <span>
                                                00
                                    </span>
                                    <span
                                                className="bold"
                                    >
                                                undefined undefined
                                    </span>
                        </Link>
            </h2>
</article>,
          <article
            className="app-content-landing"
>
            <h2>
                        <Link
                                    replace={false}
                                    to="/admin/projects"
                        >
                                    <span>
                                                00
                                    </span>
                                    <span
                                                className="bold"
                                    >
                                                undefined undefined
                                    </span>
                        </Link>
            </h2>
</article>,
        ],
        "className": "app-content",
      },
      "ref": null,
      "rendered": Array [
        Object {
          "instance": null,
          "key": "about-me",
          "nodeType": "host",
          "props": Object {
            "children": <h2>
              <Link
                            replace={false}
                            to="/admin/about-me"
              >
                            <span>
                                          00
                            </span>
                            <span
                                          className="bold"
                            >
                                          undefined undefined
                            </span>
              </Link>
</h2>,
            "className": "app-content-landing",
          },
          "ref": null,
          "rendered": Object {
            "instance": null,
            "key": undefined,
            "nodeType": "host",
            "props": Object {
              "children": <Link
                replace={false}
                to="/admin/about-me"
>
                <span>
                                00
                </span>
                <span
                                className="bold"
                >
                                undefined undefined
                </span>
</Link>,
            },
            "ref": null,
            "rendered": Object {
              "instance": null,
              "key": undefined,
              "nodeType": "class",
              "props": Object {
                "children": Array [
                  <span>
                    00
</span>,
                  <span
                    className="bold"
>
                    undefined undefined
</span>,
                ],
                "replace": false,
                "to": "/admin/about-me",
              },
              "ref": null,
              "rendered": Array [
                Object {
                  "instance": null,
                  "key": undefined,
                  "nodeType": "host",
                  "props": Object {
                    "children": "00",
                  },
                  "ref": null,
                  "rendered": "00",
                  "type": "span",
                },
                Object {
                  "instance": null,
                  "key": undefined,
                  "nodeType": "host",
                  "props": Object {
                    "children": "undefined undefined",
                    "className": "bold",
                  },
                  "ref": null,
                  "rendered": "undefined undefined",
                  "type": "span",
                },
              ],
              "type": [Function],
            },
            "type": "h2",
          },
          "type": "article",
        },
        Object {
          "instance": null,
          "key": "posts",
          "nodeType": "host",
          "props": Object {
            "children": <h2>
              <Link
                            replace={false}
                            to="/admin/posts"
              >
                            <span>
                                          00
                            </span>
                            <span
                                          className="bold"
                            >
                                          undefined undefined
                            </span>
              </Link>
</h2>,
            "className": "app-content-landing",
          },
          "ref": null,
          "rendered": Object {
            "instance": null,
            "key": undefined,
            "nodeType": "host",
            "props": Object {
              "children": <Link
                replace={false}
                to="/admin/posts"
>
                <span>
                                00
                </span>
                <span
                                className="bold"
                >
                                undefined undefined
                </span>
</Link>,
            },
            "ref": null,
            "rendered": Object {
              "instance": null,
              "key": undefined,
              "nodeType": "class",
              "props": Object {
                "children": Array [
                  <span>
                    00
</span>,
                  <span
                    className="bold"
>
                    undefined undefined
</span>,
                ],
                "replace": false,
                "to": "/admin/posts",
              },
              "ref": null,
              "rendered": Array [
                Object {
                  "instance": null,
                  "key": undefined,
                  "nodeType": "host",
                  "props": Object {
                    "children": "00",
                  },
                  "ref": null,
                  "rendered": "00",
                  "type": "span",
                },
                Object {
                  "instance": null,
                  "key": undefined,
                  "nodeType": "host",
                  "props": Object {
                    "children": "undefined undefined",
                    "className": "bold",
                  },
                  "ref": null,
                  "rendered": "undefined undefined",
                  "type": "span",
                },
              ],
              "type": [Function],
            },
            "type": "h2",
          },
          "type": "article",
        },
        Object {
          "instance": null,
          "key": "projects",
          "nodeType": "host",
          "props": Object {
            "children": <h2>
              <Link
                            replace={false}
                            to="/admin/projects"
              >
                            <span>
                                          00
                            </span>
                            <span
                                          className="bold"
                            >
                                          undefined undefined
                            </span>
              </Link>
</h2>,
            "className": "app-content-landing",
          },
          "ref": null,
          "rendered": Object {
            "instance": null,
            "key": undefined,
            "nodeType": "host",
            "props": Object {
              "children": <Link
                replace={false}
                to="/admin/projects"
>
                <span>
                                00
                </span>
                <span
                                className="bold"
                >
                                undefined undefined
                </span>
</Link>,
            },
            "ref": null,
            "rendered": Object {
              "instance": null,
              "key": undefined,
              "nodeType": "class",
              "props": Object {
                "children": Array [
                  <span>
                    00
</span>,
                  <span
                    className="bold"
>
                    undefined undefined
</span>,
                ],
                "replace": false,
                "to": "/admin/projects",
              },
              "ref": null,
              "rendered": Array [
                Object {
                  "instance": null,
                  "key": undefined,
                  "nodeType": "host",
                  "props": Object {
                    "children": "00",
                  },
                  "ref": null,
                  "rendered": "00",
                  "type": "span",
                },
                Object {
                  "instance": null,
                  "key": undefined,
                  "nodeType": "host",
                  "props": Object {
                    "children": "undefined undefined",
                    "className": "bold",
                  },
                  "ref": null,
                  "rendered": "undefined undefined",
                  "type": "span",
                },
              ],
              "type": [Function],
            },
            "type": "h2",
          },
          "type": "article",
        },
      ],
      "type": "div",
    },
  ],
  Symbol(enzyme.__options__): Object {
    "adapter": ReactSixteenAdapter {
      "options": Object {
        "enableComponentDidUpdateOnSetState": true,
      },
    },
  },
}
`;
